<?xml version="1.0" encoding="ISO-8859-1" ?>
<link_info>
   <banner>TI ARM Linker PC v18.1.1.LTS</banner>
   <copyright>Copyright (c) 1996-2017 Texas Instruments Incorporated</copyright>
   <link_time>0x5af11c55</link_time>
   <link_errors>0x0</link_errors>
   <output_file>FreeRTOS_CC3100.out</output_file>
   <entry_point>
      <name>_c_int00_noargs</name>
      <address>0xb629</address>
   </entry_point>
   <input_file_list>
      <input_file id="fl-2">
         <path>.\</path>
         <kind>object</kind>
         <file>LEDtask.obj</file>
         <name>LEDtask.obj</name>
      </input_file>
      <input_file id="fl-3">
         <path>.\</path>
         <kind>object</kind>
         <file>cc3100_simplelink.obj</file>
         <name>cc3100_simplelink.obj</name>
      </input_file>
      <input_file id="fl-4">
         <path>.\</path>
         <kind>object</kind>
         <file>main.obj</file>
         <name>main.obj</name>
      </input_file>
      <input_file id="fl-5">
         <path>.\</path>
         <kind>object</kind>
         <file>tm4c1294ncpdt_startup_ccs.obj</file>
         <name>tm4c1294ncpdt_startup_ccs.obj</name>
      </input_file>
      <input_file id="fl-6">
         <path>.\FreeRTOS\</path>
         <kind>object</kind>
         <file>croutine.obj</file>
         <name>croutine.obj</name>
      </input_file>
      <input_file id="fl-7">
         <path>.\FreeRTOS\</path>
         <kind>object</kind>
         <file>event_groups.obj</file>
         <name>event_groups.obj</name>
      </input_file>
      <input_file id="fl-8">
         <path>.\FreeRTOS\</path>
         <kind>object</kind>
         <file>list.obj</file>
         <name>list.obj</name>
      </input_file>
      <input_file id="fl-9">
         <path>.\FreeRTOS\</path>
         <kind>object</kind>
         <file>queue.obj</file>
         <name>queue.obj</name>
      </input_file>
      <input_file id="fl-a">
         <path>.\FreeRTOS\</path>
         <kind>object</kind>
         <file>tasks.obj</file>
         <name>tasks.obj</name>
      </input_file>
      <input_file id="fl-b">
         <path>.\FreeRTOS\</path>
         <kind>object</kind>
         <file>timers.obj</file>
         <name>timers.obj</name>
      </input_file>
      <input_file id="fl-c">
         <path>.\FreeRTOS\portable\CCS\ARM_CM4F\</path>
         <kind>object</kind>
         <file>port.obj</file>
         <name>port.obj</name>
      </input_file>
      <input_file id="fl-d">
         <path>.\FreeRTOS\portable\CCS\ARM_CM4F\</path>
         <kind>object</kind>
         <file>portasm.obj</file>
         <name>portasm.obj</name>
      </input_file>
      <input_file id="fl-e">
         <path>.\FreeRTOS\portable\MemMang\</path>
         <kind>object</kind>
         <file>heap_2.obj</file>
         <name>heap_2.obj</name>
      </input_file>
      <input_file id="fl-f">
         <path>.\board\</path>
         <kind>object</kind>
         <file>board.obj</file>
         <name>board.obj</name>
      </input_file>
      <input_file id="fl-10">
         <path>.\cli_uart\</path>
         <kind>object</kind>
         <file>cli_uart.obj</file>
         <name>cli_uart.obj</name>
      </input_file>
      <input_file id="fl-11">
         <path>.\driverlib\</path>
         <kind>object</kind>
         <file>adc.obj</file>
         <name>adc.obj</name>
      </input_file>
      <input_file id="fl-12">
         <path>.\driverlib\</path>
         <kind>object</kind>
         <file>aes.obj</file>
         <name>aes.obj</name>
      </input_file>
      <input_file id="fl-13">
         <path>.\driverlib\</path>
         <kind>object</kind>
         <file>can.obj</file>
         <name>can.obj</name>
      </input_file>
      <input_file id="fl-14">
         <path>.\driverlib\</path>
         <kind>object</kind>
         <file>comp.obj</file>
         <name>comp.obj</name>
      </input_file>
      <input_file id="fl-15">
         <path>.\driverlib\</path>
         <kind>object</kind>
         <file>cpu.obj</file>
         <name>cpu.obj</name>
      </input_file>
      <input_file id="fl-16">
         <path>.\driverlib\</path>
         <kind>object</kind>
         <file>crc.obj</file>
         <name>crc.obj</name>
      </input_file>
      <input_file id="fl-17">
         <path>.\driverlib\</path>
         <kind>object</kind>
         <file>des.obj</file>
         <name>des.obj</name>
      </input_file>
      <input_file id="fl-18">
         <path>.\driverlib\</path>
         <kind>object</kind>
         <file>eeprom.obj</file>
         <name>eeprom.obj</name>
      </input_file>
      <input_file id="fl-19">
         <path>.\driverlib\</path>
         <kind>object</kind>
         <file>emac.obj</file>
         <name>emac.obj</name>
      </input_file>
      <input_file id="fl-1a">
         <path>.\driverlib\</path>
         <kind>object</kind>
         <file>epi.obj</file>
         <name>epi.obj</name>
      </input_file>
      <input_file id="fl-1b">
         <path>.\driverlib\</path>
         <kind>object</kind>
         <file>epi_workaround_ccs.obj</file>
         <name>epi_workaround_ccs.obj</name>
      </input_file>
      <input_file id="fl-1c">
         <path>.\driverlib\</path>
         <kind>object</kind>
         <file>flash.obj</file>
         <name>flash.obj</name>
      </input_file>
      <input_file id="fl-1d">
         <path>.\driverlib\</path>
         <kind>object</kind>
         <file>fpu.obj</file>
         <name>fpu.obj</name>
      </input_file>
      <input_file id="fl-1e">
         <path>.\driverlib\</path>
         <kind>object</kind>
         <file>gpio.obj</file>
         <name>gpio.obj</name>
      </input_file>
      <input_file id="fl-1f">
         <path>.\driverlib\</path>
         <kind>object</kind>
         <file>hibernate.obj</file>
         <name>hibernate.obj</name>
      </input_file>
      <input_file id="fl-20">
         <path>.\driverlib\</path>
         <kind>object</kind>
         <file>i2c.obj</file>
         <name>i2c.obj</name>
      </input_file>
      <input_file id="fl-21">
         <path>.\driverlib\</path>
         <kind>object</kind>
         <file>interrupt.obj</file>
         <name>interrupt.obj</name>
      </input_file>
      <input_file id="fl-22">
         <path>.\driverlib\</path>
         <kind>object</kind>
         <file>lcd.obj</file>
         <name>lcd.obj</name>
      </input_file>
      <input_file id="fl-23">
         <path>.\driverlib\</path>
         <kind>object</kind>
         <file>mpu.obj</file>
         <name>mpu.obj</name>
      </input_file>
      <input_file id="fl-24">
         <path>.\driverlib\</path>
         <kind>object</kind>
         <file>pwm.obj</file>
         <name>pwm.obj</name>
      </input_file>
      <input_file id="fl-25">
         <path>.\driverlib\</path>
         <kind>object</kind>
         <file>qei.obj</file>
         <name>qei.obj</name>
      </input_file>
      <input_file id="fl-26">
         <path>.\driverlib\</path>
         <kind>object</kind>
         <file>shamd5.obj</file>
         <name>shamd5.obj</name>
      </input_file>
      <input_file id="fl-27">
         <path>.\driverlib\</path>
         <kind>object</kind>
         <file>ssi.obj</file>
         <name>ssi.obj</name>
      </input_file>
      <input_file id="fl-28">
         <path>.\driverlib\</path>
         <kind>object</kind>
         <file>sw_crc.obj</file>
         <name>sw_crc.obj</name>
      </input_file>
      <input_file id="fl-29">
         <path>.\driverlib\</path>
         <kind>object</kind>
         <file>sysctl.obj</file>
         <name>sysctl.obj</name>
      </input_file>
      <input_file id="fl-2a">
         <path>.\driverlib\</path>
         <kind>object</kind>
         <file>sysexc.obj</file>
         <name>sysexc.obj</name>
      </input_file>
      <input_file id="fl-2b">
         <path>.\driverlib\</path>
         <kind>object</kind>
         <file>systick.obj</file>
         <name>systick.obj</name>
      </input_file>
      <input_file id="fl-2c">
         <path>.\driverlib\</path>
         <kind>object</kind>
         <file>timer.obj</file>
         <name>timer.obj</name>
      </input_file>
      <input_file id="fl-2d">
         <path>.\driverlib\</path>
         <kind>object</kind>
         <file>uart.obj</file>
         <name>uart.obj</name>
      </input_file>
      <input_file id="fl-2e">
         <path>.\driverlib\</path>
         <kind>object</kind>
         <file>udma.obj</file>
         <name>udma.obj</name>
      </input_file>
      <input_file id="fl-2f">
         <path>.\driverlib\</path>
         <kind>object</kind>
         <file>usb.obj</file>
         <name>usb.obj</name>
      </input_file>
      <input_file id="fl-30">
         <path>.\driverlib\</path>
         <kind>object</kind>
         <file>watchdog.obj</file>
         <name>watchdog.obj</name>
      </input_file>
      <input_file id="fl-31">
         <path>.\drivers\</path>
         <kind>object</kind>
         <file>pinout.obj</file>
         <name>pinout.obj</name>
      </input_file>
      <input_file id="fl-32">
         <path>.\simplelink\source\</path>
         <kind>object</kind>
         <file>device.obj</file>
         <name>device.obj</name>
      </input_file>
      <input_file id="fl-33">
         <path>.\simplelink\source\</path>
         <kind>object</kind>
         <file>driver.obj</file>
         <name>driver.obj</name>
      </input_file>
      <input_file id="fl-34">
         <path>.\simplelink\source\</path>
         <kind>object</kind>
         <file>flowcont.obj</file>
         <name>flowcont.obj</name>
      </input_file>
      <input_file id="fl-35">
         <path>.\simplelink\source\</path>
         <kind>object</kind>
         <file>fs.obj</file>
         <name>fs.obj</name>
      </input_file>
      <input_file id="fl-36">
         <path>.\simplelink\source\</path>
         <kind>object</kind>
         <file>netapp.obj</file>
         <name>netapp.obj</name>
      </input_file>
      <input_file id="fl-37">
         <path>.\simplelink\source\</path>
         <kind>object</kind>
         <file>netcfg.obj</file>
         <name>netcfg.obj</name>
      </input_file>
      <input_file id="fl-38">
         <path>.\simplelink\source\</path>
         <kind>object</kind>
         <file>nonos.obj</file>
         <name>nonos.obj</name>
      </input_file>
      <input_file id="fl-39">
         <path>.\simplelink\source\</path>
         <kind>object</kind>
         <file>socket.obj</file>
         <name>socket.obj</name>
      </input_file>
      <input_file id="fl-3a">
         <path>.\simplelink\source\</path>
         <kind>object</kind>
         <file>spawn.obj</file>
         <name>spawn.obj</name>
      </input_file>
      <input_file id="fl-3b">
         <path>.\simplelink\source\</path>
         <kind>object</kind>
         <file>wlan.obj</file>
         <name>wlan.obj</name>
      </input_file>
      <input_file id="fl-3c">
         <path>.\spi\</path>
         <kind>object</kind>
         <file>spi.obj</file>
         <name>spi.obj</name>
      </input_file>
      <input_file id="fl-3d">
         <path>.\timer\</path>
         <kind>object</kind>
         <file>timer_tick.obj</file>
         <name>timer_tick.obj</name>
      </input_file>
      <input_file id="fl-3e">
         <path>.\utils\</path>
         <kind>object</kind>
         <file>uartstdio.obj</file>
         <name>uartstdio.obj</name>
      </input_file>
      <input_file id="fl-43">
         <kind>object</kind>
         <file>&lt;internal&gt;</file>
         <name>&lt;internal&gt;</name>
      </input_file>
      <input_file id="fl-f9">
         <path>D:\ti\ccsv8\tools\compiler\ti-cgt-arm_18.1.1.LTS\lib\</path>
         <kind>archive</kind>
         <file>rtsv7M4_T_le_v4SPD16_eabi.lib</file>
         <name>u_divt2.asm.obj</name>
      </input_file>
      <input_file id="fl-fa">
         <path>D:\ti\ccsv8\tools\compiler\ti-cgt-arm_18.1.1.LTS\lib\</path>
         <kind>archive</kind>
         <file>rtsv7M4_T_le_v4SPD16_eabi.lib</file>
         <name>memcpy_t2.asm.obj</name>
      </input_file>
      <input_file id="fl-fb">
         <path>D:\ti\ccsv8\tools\compiler\ti-cgt-arm_18.1.1.LTS\lib\</path>
         <kind>archive</kind>
         <file>rtsv7M4_T_le_v4SPD16_eabi.lib</file>
         <name>memset_t2.asm.obj</name>
      </input_file>
      <input_file id="fl-fc">
         <path>D:\ti\ccsv8\tools\compiler\ti-cgt-arm_18.1.1.LTS\lib\</path>
         <kind>archive</kind>
         <file>rtsv7M4_T_le_v4SPD16_eabi.lib</file>
         <name>copy_zero_init.c.obj</name>
      </input_file>
      <input_file id="fl-fd">
         <path>D:\ti\ccsv8\tools\compiler\ti-cgt-arm_18.1.1.LTS\lib\</path>
         <kind>archive</kind>
         <file>rtsv7M4_T_le_v4SPD16_eabi.lib</file>
         <name>copy_decompress_none.c.obj</name>
      </input_file>
      <input_file id="fl-fe">
         <path>D:\ti\ccsv8\tools\compiler\ti-cgt-arm_18.1.1.LTS\lib\</path>
         <kind>archive</kind>
         <file>rtsv7M4_T_le_v4SPD16_eabi.lib</file>
         <name>copy_decompress_lzss.c.obj</name>
      </input_file>
      <input_file id="fl-ff">
         <path>D:\ti\ccsv8\tools\compiler\ti-cgt-arm_18.1.1.LTS\lib\</path>
         <kind>archive</kind>
         <file>rtsv7M4_T_le_v4SPD16_eabi.lib</file>
         <name>boot_cortex_m.c.obj</name>
      </input_file>
      <input_file id="fl-100">
         <path>D:\ti\ccsv8\tools\compiler\ti-cgt-arm_18.1.1.LTS\lib\</path>
         <kind>archive</kind>
         <file>rtsv7M4_T_le_v4SPD16_eabi.lib</file>
         <name>exit.c.obj</name>
      </input_file>
      <input_file id="fl-101">
         <path>D:\ti\ccsv8\tools\compiler\ti-cgt-arm_18.1.1.LTS\lib\</path>
         <kind>archive</kind>
         <file>rtsv7M4_T_le_v4SPD16_eabi.lib</file>
         <name>_lock.c.obj</name>
      </input_file>
      <input_file id="fl-102">
         <path>D:\ti\ccsv8\tools\compiler\ti-cgt-arm_18.1.1.LTS\lib\</path>
         <kind>archive</kind>
         <file>rtsv7M4_T_le_v4SPD16_eabi.lib</file>
         <name>args_main.c.obj</name>
      </input_file>
      <input_file id="fl-103">
         <path>D:\ti\ccsv8\tools\compiler\ti-cgt-arm_18.1.1.LTS\lib\</path>
         <kind>archive</kind>
         <file>rtsv7M4_T_le_v4SPD16_eabi.lib</file>
         <name>strlen.c.obj</name>
      </input_file>
      <input_file id="fl-104">
         <path>D:\ti\ccsv8\tools\compiler\ti-cgt-arm_18.1.1.LTS\lib\</path>
         <kind>archive</kind>
         <file>rtsv7M4_T_le_v4SPD16_eabi.lib</file>
         <name>div0.asm.obj</name>
      </input_file>
      <input_file id="fl-105">
         <path>D:\ti\ccsv8\tools\compiler\ti-cgt-arm_18.1.1.LTS\lib\</path>
         <kind>archive</kind>
         <file>rtsv7M4_T_le_v4SPD16_eabi.lib</file>
         <name>autoinit.c.obj</name>
      </input_file>
      <input_file id="fl-106">
         <path>D:\ti\ccsv8\tools\compiler\ti-cgt-arm_18.1.1.LTS\lib\</path>
         <kind>archive</kind>
         <file>rtsv7M4_T_le_v4SPD16_eabi.lib</file>
         <name>pre_init.c.obj</name>
      </input_file>
      <input_file id="fl-107">
         <path>D:\ti\ccsv8\tools\compiler\ti-cgt-arm_18.1.1.LTS\lib\</path>
         <kind>archive</kind>
         <file>rtsv7M4_T_le_v4SPD16_eabi.lib</file>
         <name>cpy_tbl.c.obj</name>
      </input_file>
   </input_file_list>
   <object_component_list>
      <object_component id="oc-f">
         <name>.intvecs</name>
         <load_address>0x0</load_address>
         <run_address>0x0</run_address>
         <size>0x208</size>
         <input_file_ref idref="fl-5"/>
      </object_component>
      <object_component id="oc-324">
         <name>.text</name>
         <load_address>0x208</load_address>
         <run_address>0x208</run_address>
         <size>0x1db4</size>
         <input_file_ref idref="fl-33"/>
      </object_component>
      <object_component id="oc-82">
         <name>.text</name>
         <load_address>0x1fbc</load_address>
         <run_address>0x1fbc</run_address>
         <size>0x17b0</size>
         <input_file_ref idref="fl-a"/>
      </object_component>
      <object_component id="oc-4a9">
         <name>.text</name>
         <load_address>0x376c</load_address>
         <run_address>0x376c</run_address>
         <size>0xf40</size>
         <input_file_ref idref="fl-39"/>
      </object_component>
      <object_component id="oc-9e">
         <name>.text</name>
         <load_address>0x46ac</load_address>
         <run_address>0x46ac</run_address>
         <size>0xef4</size>
         <input_file_ref idref="fl-29"/>
      </object_component>
      <object_component id="oc-298">
         <name>.text</name>
         <load_address>0x55a0</load_address>
         <run_address>0x55a0</run_address>
         <size>0xdf8</size>
         <input_file_ref idref="fl-3b"/>
      </object_component>
      <object_component id="oc-2a4">
         <name>.text</name>
         <load_address>0x6398</load_address>
         <run_address>0x6398</run_address>
         <size>0xc10</size>
         <input_file_ref idref="fl-36"/>
      </object_component>
      <object_component id="oc-a4">
         <name>.text</name>
         <load_address>0x6fa8</load_address>
         <run_address>0x6fa8</run_address>
         <size>0xb88</size>
         <input_file_ref idref="fl-1e"/>
      </object_component>
      <object_component id="oc-212">
         <name>.text</name>
         <load_address>0x7b30</load_address>
         <run_address>0x7b30</run_address>
         <size>0xad0</size>
         <input_file_ref idref="fl-9"/>
      </object_component>
      <object_component id="oc-1a3">
         <name>.text</name>
         <load_address>0x8600</load_address>
         <run_address>0x8600</run_address>
         <size>0xa74</size>
         <input_file_ref idref="fl-3"/>
      </object_component>
      <object_component id="oc-11d">
         <name>.text</name>
         <load_address>0x9074</load_address>
         <run_address>0x9074</run_address>
         <size>0x578</size>
         <input_file_ref idref="fl-b"/>
      </object_component>
      <object_component id="oc-28c">
         <name>.text</name>
         <load_address>0x95ec</load_address>
         <run_address>0x95ec</run_address>
         <size>0x56c</size>
         <input_file_ref idref="fl-32"/>
      </object_component>
      <object_component id="oc-13b">
         <name>.text</name>
         <load_address>0x9b58</load_address>
         <run_address>0x9b58</run_address>
         <size>0x3c0</size>
         <input_file_ref idref="fl-21"/>
      </object_component>
      <object_component id="oc-42d">
         <name>.text</name>
         <load_address>0x9f18</load_address>
         <run_address>0x9f18</run_address>
         <size>0x346</size>
         <input_file_ref idref="fl-27"/>
      </object_component>
      <object_component id="oc-191">
         <name>.text</name>
         <load_address>0xa260</load_address>
         <run_address>0xa260</run_address>
         <size>0x334</size>
         <input_file_ref idref="fl-31"/>
      </object_component>
      <object_component id="oc-32a">
         <name>.text</name>
         <load_address>0xa594</load_address>
         <run_address>0xa594</run_address>
         <size>0x220</size>
         <input_file_ref idref="fl-3c"/>
      </object_component>
      <object_component id="oc-105">
         <name>.text</name>
         <load_address>0xa7b4</load_address>
         <run_address>0xa7b4</run_address>
         <size>0x1b8</size>
         <input_file_ref idref="fl-e"/>
      </object_component>
      <object_component id="oc-292">
         <name>.text</name>
         <load_address>0xa96c</load_address>
         <run_address>0xa96c</run_address>
         <size>0x19c</size>
         <input_file_ref idref="fl-38"/>
      </object_component>
      <object_component id="oc-29e">
         <name>.text</name>
         <load_address>0xab08</load_address>
         <run_address>0xab08</run_address>
         <size>0x168</size>
         <input_file_ref idref="fl-37"/>
      </object_component>
      <object_component id="oc-197">
         <name>.text</name>
         <load_address>0xac70</load_address>
         <run_address>0xac70</run_address>
         <size>0x160</size>
         <input_file_ref idref="fl-10"/>
      </object_component>
      <object_component id="oc-2f">
         <name>.text</name>
         <load_address>0xadd0</load_address>
         <run_address>0xadd0</run_address>
         <size>0x12c</size>
         <input_file_ref idref="fl-c"/>
      </object_component>
      <object_component id="oc-10b">
         <name>.text</name>
         <load_address>0xaefc</load_address>
         <run_address>0xaefc</run_address>
         <size>0x12a</size>
         <input_file_ref idref="fl-8"/>
      </object_component>
      <object_component id="oc-2a">
         <name>.text</name>
         <load_address>0xb028</load_address>
         <run_address>0xb028</run_address>
         <size>0xd2</size>
         <input_file_ref idref="fl-d"/>
      </object_component>
      <object_component id="oc-35">
         <name>.text</name>
         <load_address>0xb0fc</load_address>
         <run_address>0xb0fc</run_address>
         <size>0xcc</size>
         <input_file_ref idref="fl-f"/>
      </object_component>
      <object_component id="oc-98">
         <name>.text</name>
         <load_address>0xb1c8</load_address>
         <run_address>0xb1c8</run_address>
         <size>0xc0</size>
         <input_file_ref idref="fl-1d"/>
      </object_component>
      <object_component id="oc-49">
         <name>.text</name>
         <load_address>0xb288</load_address>
         <run_address>0xb288</run_address>
         <size>0x9c</size>
         <input_file_ref idref="fl-fa"/>
      </object_component>
      <object_component id="oc-4b1">
         <name>.text</name>
         <load_address>0xb324</load_address>
         <run_address>0xb324</run_address>
         <size>0x88</size>
         <input_file_ref idref="fl-2b"/>
      </object_component>
      <object_component id="oc-dd">
         <name>.text</name>
         <load_address>0xb3ac</load_address>
         <run_address>0xb3ac</run_address>
         <size>0x7a</size>
         <input_file_ref idref="fl-fb"/>
      </object_component>
      <object_component id="oc-e9">
         <name>.text</name>
         <load_address>0xb428</load_address>
         <run_address>0xb428</run_address>
         <size>0x70</size>
         <input_file_ref idref="fl-4"/>
      </object_component>
      <object_component id="oc-12">
         <name>.text:decompress:lzss:__TI_decompress_lzss</name>
         <load_address>0xb498</load_address>
         <run_address>0xb498</run_address>
         <size>0x68</size>
         <input_file_ref idref="fl-fe"/>
      </object_component>
      <object_component id="oc-421">
         <name>.text</name>
         <load_address>0xb500</load_address>
         <run_address>0xb500</run_address>
         <size>0x5c</size>
         <input_file_ref idref="fl-3d"/>
      </object_component>
      <object_component id="oc-19d">
         <name>.text</name>
         <load_address>0xb55c</load_address>
         <run_address>0xb55c</run_address>
         <size>0x46</size>
         <input_file_ref idref="fl-2"/>
      </object_component>
      <object_component id="oc-1b7">
         <name>.text:__TI_auto_init_nobinit_nopinit:__TI_auto_init_nobinit_nopinit</name>
         <load_address>0xb5a4</load_address>
         <run_address>0xb5a4</run_address>
         <size>0x44</size>
         <input_file_ref idref="fl-105"/>
      </object_component>
      <object_component id="oc-141">
         <name>.text</name>
         <load_address>0xb5e8</load_address>
         <run_address>0xb5e8</run_address>
         <size>0x3e</size>
         <input_file_ref idref="fl-15"/>
      </object_component>
      <object_component id="oc-67">
         <name>.text:_c_int00_noargs:_c_int00_noargs</name>
         <load_address>0xb628</load_address>
         <run_address>0xb628</run_address>
         <size>0x38</size>
         <input_file_ref idref="fl-ff"/>
      </object_component>
      <object_component id="oc-27e">
         <name>.text:strlen</name>
         <load_address>0xb660</load_address>
         <run_address>0xb660</run_address>
         <size>0x14</size>
         <input_file_ref idref="fl-103"/>
      </object_component>
      <object_component id="oc-18">
         <name>.text:decompress:none:__TI_decompress_none</name>
         <load_address>0xb674</load_address>
         <run_address>0xb674</run_address>
         <size>0xe</size>
         <input_file_ref idref="fl-fd"/>
      </object_component>
      <object_component id="oc-5b">
         <name>.text:decompress:ZI:__TI_zero_init</name>
         <load_address>0xb682</load_address>
         <run_address>0xb682</run_address>
         <size>0xc</size>
         <input_file_ref idref="fl-fc"/>
      </object_component>
      <object_component id="oc-24">
         <name>.text</name>
         <load_address>0xb68e</load_address>
         <run_address>0xb68e</run_address>
         <size>0xc</size>
         <input_file_ref idref="fl-5"/>
      </object_component>
      <object_component id="oc-150">
         <name>.text:SysCtlDelay</name>
         <load_address>0xb69a</load_address>
         <run_address>0xb69a</run_address>
         <size>0x6</size>
         <input_file_ref idref="fl-29"/>
      </object_component>
      <object_component id="oc-e3">
         <name>.text:_system_pre_init</name>
         <load_address>0xb6a0</load_address>
         <run_address>0xb6a0</run_address>
         <size>0x4</size>
         <input_file_ref idref="fl-106"/>
      </object_component>
      <object_component id="oc-1ab">
         <name>.text:abort:abort</name>
         <load_address>0xb6a4</load_address>
         <run_address>0xb6a4</run_address>
         <size>0x4</size>
         <input_file_ref idref="fl-100"/>
      </object_component>
      <object_component id="oc-14a">
         <name>.const:g_pppui32XTALtoVCO</name>
         <load_address>0xb6a8</load_address>
         <run_address>0xb6a8</run_address>
         <size>0x120</size>
         <input_file_ref idref="fl-29"/>
      </object_component>
      <object_component id="oc-15d">
         <name>.const:g_ppui32GPIOIntMapBlizzard</name>
         <load_address>0xb7c8</load_address>
         <run_address>0xb7c8</run_address>
         <size>0xc0</size>
         <input_file_ref idref="fl-1e"/>
      </object_component>
      <object_component id="oc-160">
         <name>.const:g_ppui32GPIOIntMapSnowflake</name>
         <load_address>0xb888</load_address>
         <run_address>0xb888</run_address>
         <size>0xc0</size>
         <input_file_ref idref="fl-1e"/>
      </object_component>
      <object_component id="oc-24f">
         <name>.const:g_pui32Regs</name>
         <load_address>0xb948</load_address>
         <run_address>0xb948</run_address>
         <size>0x9c</size>
         <input_file_ref idref="fl-21"/>
      </object_component>
      <object_component id="oc-163">
         <name>.const:g_pui32GPIOBaseAddrs</name>
         <load_address>0xb9e4</load_address>
         <run_address>0xb9e4</run_address>
         <size>0x90</size>
         <input_file_ref idref="fl-1e"/>
      </object_component>
      <object_component id="oc-147">
         <name>.const:g_pui32Xtals</name>
         <load_address>0xba74</load_address>
         <run_address>0xba74</run_address>
         <size>0x6c</size>
         <input_file_ref idref="fl-29"/>
      </object_component>
      <object_component id="oc-412">
         <name>.const:OpcodeTranslateTable</name>
         <load_address>0xbae0</load_address>
         <run_address>0xbae0</run_address>
         <size>0x3c</size>
         <input_file_ref idref="fl-33"/>
      </object_component>
      <object_component id="oc-41e">
         <name>.const:_SlActionLookupTable</name>
         <load_address>0xbb1c</load_address>
         <run_address>0xbb1c</run_address>
         <size>0x38</size>
         <input_file_ref idref="fl-33"/>
      </object_component>
      <object_component id="oc-138">
         <name>.const:g_sXTALtoMEMTIM</name>
         <load_address>0xbb54</load_address>
         <run_address>0xbb54</run_address>
         <size>0x30</size>
         <input_file_ref idref="fl-29"/>
      </object_component>
      <object_component id="oc-2aa">
         <name>.const:$P$T0$1</name>
         <load_address>0xbb84</load_address>
         <run_address>0xbb84</run_address>
         <size>0x2c</size>
         <input_file_ref idref="fl-3"/>
      </object_component>
      <object_component id="oc-2b3">
         <name>.const:$P$T3$4</name>
         <load_address>0xbbb0</load_address>
         <run_address>0xbbb0</run_address>
         <size>0x20</size>
         <input_file_ref idref="fl-3"/>
      </object_component>
      <object_component id="oc-2b9">
         <name>.const:$P$T5$6</name>
         <load_address>0xbbd0</load_address>
         <run_address>0xbbd0</run_address>
         <size>0x20</size>
         <input_file_ref idref="fl-3"/>
      </object_component>
      <object_component id="oc-415">
         <name>.const:RxMsgClassLUT</name>
         <load_address>0xbbf0</load_address>
         <run_address>0xbbf0</run_address>
         <size>0x20</size>
         <input_file_ref idref="fl-33"/>
      </object_component>
      <object_component id="oc-4bb">
         <name>.const:g_ppui32SSIIntMap</name>
         <load_address>0xbc10</load_address>
         <run_address>0xbc10</run_address>
         <size>0x20</size>
         <input_file_ref idref="fl-27"/>
      </object_component>
      <object_component id="oc-4be">
         <name>.const:g_ppui32SSIIntMapSnowflake</name>
         <load_address>0xbc30</load_address>
         <run_address>0xbc30</run_address>
         <size>0x20</size>
         <input_file_ref idref="fl-27"/>
      </object_component>
      <object_component id="oc-24c">
         <name>.const:g_pui32Priority</name>
         <load_address>0xbc50</load_address>
         <run_address>0xbc50</run_address>
         <size>0x20</size>
         <input_file_ref idref="fl-21"/>
      </object_component>
      <object_component id="oc-418">
         <name>.const:$P$T0$1</name>
         <load_address>0xbc70</load_address>
         <run_address>0xbc70</run_address>
         <size>0x14</size>
         <input_file_ref idref="fl-33"/>
      </object_component>
      <object_component id="oc-359">
         <name>.const:$P$T0$1</name>
         <load_address>0xbc84</load_address>
         <run_address>0xbc84</run_address>
         <size>0x14</size>
         <input_file_ref idref="fl-38"/>
      </object_component>
      <object_component id="oc-2ad">
         <name>.const:$P$T1$2</name>
         <load_address>0xbc98</load_address>
         <run_address>0xbc98</run_address>
         <size>0x14</size>
         <input_file_ref idref="fl-3"/>
      </object_component>
      <object_component id="oc-2b6">
         <name>.const:$P$T4$5</name>
         <load_address>0xbcac</load_address>
         <run_address>0xbcac</run_address>
         <size>0x14</size>
         <input_file_ref idref="fl-3"/>
      </object_component>
      <object_component id="oc-2bc">
         <name>.const:$P$T6$7</name>
         <load_address>0xbcc0</load_address>
         <run_address>0xbcc0</run_address>
         <size>0x14</size>
         <input_file_ref idref="fl-3"/>
      </object_component>
      <object_component id="oc-255">
         <name>.const:g_pui32Dii16Regs</name>
         <load_address>0xbcd4</load_address>
         <run_address>0xbcd4</run_address>
         <size>0x14</size>
         <input_file_ref idref="fl-21"/>
      </object_component>
      <object_component id="oc-252">
         <name>.const:g_pui32EnRegs</name>
         <load_address>0xbce8</load_address>
         <run_address>0xbce8</run_address>
         <size>0x14</size>
         <input_file_ref idref="fl-21"/>
      </object_component>
      <object_component id="oc-258">
         <name>.const:g_pui32PendRegs</name>
         <load_address>0xbcfc</load_address>
         <run_address>0xbcfc</run_address>
         <size>0x14</size>
         <input_file_ref idref="fl-21"/>
      </object_component>
      <object_component id="oc-25b">
         <name>.const:g_pui32UnpendRegs</name>
         <load_address>0xbd10</load_address>
         <run_address>0xbd10</run_address>
         <size>0x14</size>
         <input_file_ref idref="fl-21"/>
      </object_component>
      <object_component id="oc-4c5">
         <name>.const:.string:_SlPayloadByProtocolLUT</name>
         <load_address>0xbd24</load_address>
         <run_address>0xbd24</run_address>
         <size>0x10</size>
         <input_file_ref idref="fl-39"/>
      </object_component>
      <object_component id="oc-2b0">
         <name>.const:$P$T2$3</name>
         <load_address>0xbd34</load_address>
         <run_address>0xbd34</run_address>
         <size>0xc</size>
         <input_file_ref idref="fl-3"/>
      </object_component>
      <object_component id="oc-330">
         <name>.const:StartResponseLUT</name>
         <load_address>0xbd40</load_address>
         <run_address>0xbd40</run_address>
         <size>0x8</size>
         <input_file_ref idref="fl-32"/>
      </object_component>
      <object_component id="oc-41b">
         <name>.const:g_H2NCnysPattern</name>
         <load_address>0xbd48</load_address>
         <run_address>0xbd48</run_address>
         <size>0x8</size>
         <input_file_ref idref="fl-33"/>
      </object_component>
      <object_component id="oc-40f">
         <name>.const:g_H2NSyncPattern</name>
         <load_address>0xbd50</load_address>
         <run_address>0xbd50</run_address>
         <size>0x8</size>
         <input_file_ref idref="fl-33"/>
      </object_component>
      <object_component id="oc-14d">
         <name>.const:g_pui32VCOFrequencies</name>
         <load_address>0xbd58</load_address>
         <run_address>0xbd58</run_address>
         <size>0x8</size>
         <input_file_ref idref="fl-29"/>
      </object_component>
      <object_component id="oc-3b4">
         <name>.const:$P$T0$1</name>
         <load_address>0xbd60</load_address>
         <run_address>0xbd60</run_address>
         <size>0x4</size>
         <input_file_ref idref="fl-36"/>
      </object_component>
      <object_component id="oc-4ce">
         <name>.const:$P$T0$1</name>
         <load_address>0xbd64</load_address>
         <run_address>0xbd64</run_address>
         <size>0x4</size>
         <input_file_ref idref="fl-39"/>
      </object_component>
      <object_component id="oc-361">
         <name>.const:$P$T0$1</name>
         <load_address>0xbd68</load_address>
         <run_address>0xbd68</run_address>
         <size>0x4</size>
         <input_file_ref idref="fl-3b"/>
      </object_component>
      <object_component id="oc-4d1">
         <name>.const:$P$T1$2</name>
         <load_address>0xbd6c</load_address>
         <run_address>0xbd6c</run_address>
         <size>0x4</size>
         <input_file_ref idref="fl-39"/>
      </object_component>
      <object_component id="oc-36a">
         <name>.const:$P$T1$2</name>
         <load_address>0xbd70</load_address>
         <run_address>0xbd70</run_address>
         <size>0x4</size>
         <input_file_ref idref="fl-3b"/>
      </object_component>
      <object_component id="oc-4d7">
         <name>.const:$P$T2$3</name>
         <load_address>0xbd74</load_address>
         <run_address>0xbd74</run_address>
         <size>0x4</size>
         <input_file_ref idref="fl-39"/>
      </object_component>
      <object_component id="oc-37f">
         <name>.const:$P$T2$3</name>
         <load_address>0xbd78</load_address>
         <run_address>0xbd78</run_address>
         <size>0x4</size>
         <input_file_ref idref="fl-3b"/>
      </object_component>
      <object_component id="oc-4e0">
         <name>.const:_SlAcceptCmdCtrl</name>
         <load_address>0xbd7c</load_address>
         <run_address>0xbd7c</run_address>
         <size>0x4</size>
         <input_file_ref idref="fl-39"/>
      </object_component>
      <object_component id="oc-342">
         <name>.const:_SlDeviceGetCmdCtrl</name>
         <load_address>0xbd80</load_address>
         <run_address>0xbd80</run_address>
         <size>0x4</size>
         <input_file_ref idref="fl-32"/>
      </object_component>
      <object_component id="oc-345">
         <name>.const:_SlDeviceSetCmdCtrl</name>
         <load_address>0xbd84</load_address>
         <run_address>0xbd84</run_address>
         <size>0x4</size>
         <input_file_ref idref="fl-32"/>
      </object_component>
      <object_component id="oc-33f">
         <name>.const:_SlEventMaskGetCmdCtrl</name>
         <load_address>0xbd88</load_address>
         <run_address>0xbd88</run_address>
         <size>0x4</size>
         <input_file_ref idref="fl-32"/>
      </object_component>
      <object_component id="oc-33c">
         <name>.const:_SlEventMaskSetCmdCtrl</name>
         <load_address>0xbd8c</load_address>
         <run_address>0xbd8c</run_address>
         <size>0x4</size>
         <input_file_ref idref="fl-32"/>
      </object_component>
      <object_component id="oc-3b1">
         <name>.const:_SlGetHostByNameCtrl</name>
         <load_address>0xbd90</load_address>
         <run_address>0xbd90</run_address>
         <size>0x4</size>
         <input_file_ref idref="fl-36"/>
      </object_component>
      <object_component id="oc-3ae">
         <name>.const:_SlGetHostByServiceCtrl</name>
         <load_address>0xbd94</load_address>
         <run_address>0xbd94</run_address>
         <size>0x4</size>
         <input_file_ref idref="fl-36"/>
      </object_component>
      <object_component id="oc-3a8">
         <name>.const:_SlGetServiceListeCtrl</name>
         <load_address>0xbd98</load_address>
         <run_address>0xbd98</run_address>
         <size>0x4</size>
         <input_file_ref idref="fl-36"/>
      </object_component>
      <object_component id="oc-4e9">
         <name>.const:_SlGetSockOptCmdCtrl</name>
         <load_address>0xbd9c</load_address>
         <run_address>0xbd9c</run_address>
         <size>0x4</size>
         <input_file_ref idref="fl-39"/>
      </object_component>
      <object_component id="oc-4dd">
         <name>.const:_SlListenCmdCtrl</name>
         <load_address>0xbda0</load_address>
         <run_address>0xbda0</run_address>
         <size>0x4</size>
         <input_file_ref idref="fl-39"/>
      </object_component>
      <object_component id="oc-3bd">
         <name>.const:_SlNetAppGetCmdCtrl</name>
         <load_address>0xbda4</load_address>
         <run_address>0xbda4</run_address>
         <size>0x4</size>
         <input_file_ref idref="fl-36"/>
      </object_component>
      <object_component id="oc-3ba">
         <name>.const:_SlNetAppSendTokenValueCmdCtrl</name>
         <load_address>0xbda8</load_address>
         <run_address>0xbda8</run_address>
         <size>0x4</size>
         <input_file_ref idref="fl-36"/>
      </object_component>
      <object_component id="oc-3b7">
         <name>.const:_SlNetAppSetCmdCtrl</name>
         <load_address>0xbdac</load_address>
         <run_address>0xbdac</run_address>
         <size>0x4</size>
         <input_file_ref idref="fl-36"/>
      </object_component>
      <object_component id="oc-3a2">
         <name>.const:_SlNetAppStartCtrl</name>
         <load_address>0xbdb0</load_address>
         <run_address>0xbdb0</run_address>
         <size>0x4</size>
         <input_file_ref idref="fl-36"/>
      </object_component>
      <object_component id="oc-3a5">
         <name>.const:_SlNetAppStopCtrl</name>
         <load_address>0xbdb4</load_address>
         <run_address>0xbdb4</run_address>
         <size>0x4</size>
         <input_file_ref idref="fl-36"/>
      </object_component>
      <object_component id="oc-398">
         <name>.const:_SlNetCfgGetCmdCtrl</name>
         <load_address>0xbdb8</load_address>
         <run_address>0xbdb8</run_address>
         <size>0x4</size>
         <input_file_ref idref="fl-37"/>
      </object_component>
      <object_component id="oc-395">
         <name>.const:_SlNetCfgSetCmdCtrl</name>
         <load_address>0xbdbc</load_address>
         <run_address>0xbdbc</run_address>
         <size>0x4</size>
         <input_file_ref idref="fl-37"/>
      </object_component>
      <object_component id="oc-367">
         <name>.const:_SlPolicyGetCmdCtrl</name>
         <load_address>0xbdc0</load_address>
         <run_address>0xbdc0</run_address>
         <size>0x4</size>
         <input_file_ref idref="fl-3b"/>
      </object_component>
      <object_component id="oc-364">
         <name>.const:_SlPolicySetCmdCtrl</name>
         <load_address>0xbdc4</load_address>
         <run_address>0xbdc4</run_address>
         <size>0x4</size>
         <input_file_ref idref="fl-3b"/>
      </object_component>
      <object_component id="oc-370">
         <name>.const:_SlProfileDelCmdCtrl</name>
         <load_address>0xbdc8</load_address>
         <run_address>0xbdc8</run_address>
         <size>0x4</size>
         <input_file_ref idref="fl-3b"/>
      </object_component>
      <object_component id="oc-36d">
         <name>.const:_SlProfileGetCmdCtrl</name>
         <load_address>0xbdcc</load_address>
         <run_address>0xbdcc</run_address>
         <size>0x4</size>
         <input_file_ref idref="fl-3b"/>
      </object_component>
      <object_component id="oc-4e3">
         <name>.const:_SlRecvCmdCtrl</name>
         <load_address>0xbdd0</load_address>
         <run_address>0xbdd0</run_address>
         <size>0x4</size>
         <input_file_ref idref="fl-39"/>
      </object_component>
      <object_component id="oc-4d4">
         <name>.const:_SlRecvfomCmdCtrl</name>
         <load_address>0xbdd4</load_address>
         <run_address>0xbdd4</run_address>
         <size>0x4</size>
         <input_file_ref idref="fl-39"/>
      </object_component>
      <object_component id="oc-3ab">
         <name>.const:_SlRegisterServiceCtrl</name>
         <load_address>0xbdd8</load_address>
         <run_address>0xbdd8</run_address>
         <size>0x4</size>
         <input_file_ref idref="fl-36"/>
      </object_component>
      <object_component id="oc-376">
         <name>.const:_SlRxFilterAddtCmdCtrl</name>
         <load_address>0xbddc</load_address>
         <run_address>0xbddc</run_address>
         <size>0x4</size>
         <input_file_ref idref="fl-3b"/>
      </object_component>
      <object_component id="oc-37c">
         <name>.const:_SlRxFilterGetCmdCtrl</name>
         <load_address>0xbde0</load_address>
         <run_address>0xbde0</run_address>
         <size>0x4</size>
         <input_file_ref idref="fl-3b"/>
      </object_component>
      <object_component id="oc-379">
         <name>.const:_SlRxFilterSetCmdCtrl</name>
         <load_address>0xbde4</load_address>
         <run_address>0xbde4</run_address>
         <size>0x4</size>
         <input_file_ref idref="fl-3b"/>
      </object_component>
      <object_component id="oc-4ec">
         <name>.const:_SlSelectCmdCtrl</name>
         <load_address>0xbde8</load_address>
         <run_address>0xbde8</run_address>
         <size>0x4</size>
         <input_file_ref idref="fl-39"/>
      </object_component>
      <object_component id="oc-4da">
         <name>.const:_SlSendCmdCtrl</name>
         <load_address>0xbdec</load_address>
         <run_address>0xbdec</run_address>
         <size>0x4</size>
         <input_file_ref idref="fl-39"/>
      </object_component>
      <object_component id="oc-4e6">
         <name>.const:_SlSetSockOptCmdCtrl</name>
         <load_address>0xbdf0</load_address>
         <run_address>0xbdf0</run_address>
         <size>0x4</size>
         <input_file_ref idref="fl-39"/>
      </object_component>
      <object_component id="oc-382">
         <name>.const:_SlSmartConfigStartCmdCtrl</name>
         <load_address>0xbdf4</load_address>
         <run_address>0xbdf4</run_address>
         <size>0x4</size>
         <input_file_ref idref="fl-3b"/>
      </object_component>
      <object_component id="oc-4cb">
         <name>.const:_SlSockCloseCmdCtrl</name>
         <load_address>0xbdf8</load_address>
         <run_address>0xbdf8</run_address>
         <size>0x4</size>
         <input_file_ref idref="fl-39"/>
      </object_component>
      <object_component id="oc-4c8">
         <name>.const:_SlSockSocketCmdCtrl</name>
         <load_address>0xbdfc</load_address>
         <run_address>0xbdfc</run_address>
         <size>0x4</size>
         <input_file_ref idref="fl-39"/>
      </object_component>
      <object_component id="oc-339">
         <name>.const:_SlStopCmdCtrl</name>
         <load_address>0xbe00</load_address>
         <run_address>0xbe00</run_address>
         <size>0x4</size>
         <input_file_ref idref="fl-32"/>
      </object_component>
      <object_component id="oc-38b">
         <name>.const:_SlWlanCfgGetCmdCtrl</name>
         <load_address>0xbe04</load_address>
         <run_address>0xbe04</run_address>
         <size>0x4</size>
         <input_file_ref idref="fl-3b"/>
      </object_component>
      <object_component id="oc-388">
         <name>.const:_SlWlanCfgSetCmdCtrl</name>
         <load_address>0xbe08</load_address>
         <run_address>0xbe08</run_address>
         <size>0x4</size>
         <input_file_ref idref="fl-3b"/>
      </object_component>
      <object_component id="oc-373">
         <name>.const:_SlWlanGetNetworkListCtrl</name>
         <load_address>0xbe0c</load_address>
         <run_address>0xbe0c</run_address>
         <size>0x4</size>
         <input_file_ref idref="fl-3b"/>
      </object_component>
      <object_component id="oc-385">
         <name>.const:_SlWlanSetModeCmdCtrl</name>
         <load_address>0xbe10</load_address>
         <run_address>0xbe10</run_address>
         <size>0x4</size>
         <input_file_ref idref="fl-3b"/>
      </object_component>
      <object_component id="oc-7f">
         <name>.const</name>
         <load_address>0xbe14</load_address>
         <run_address>0xbe14</run_address>
         <size>0x4</size>
         <input_file_ref idref="fl-c"/>
      </object_component>
      <object_component id="oc-54d">
         <name>.cinit..data.load</name>
         <load_address>0xbe18</load_address>
         <run_address>0xbe18</run_address>
         <size>0x17</size>
      </object_component>
      <object_component id="oc-54a">
         <name>__TI_handler_table</name>
         <load_address>0xbe30</load_address>
         <run_address>0xbe30</run_address>
         <size>0xc</size>
      </object_component>
      <object_component id="oc-54e">
         <name>.cinit..bss.load</name>
         <load_address>0xbe40</load_address>
         <run_address>0xbe40</run_address>
         <size>0x8</size>
      </object_component>
      <object_component id="oc-54c">
         <name>.cinit..vtable.load</name>
         <load_address>0xbe48</load_address>
         <run_address>0xbe48</run_address>
         <size>0x8</size>
      </object_component>
      <object_component id="oc-54b">
         <name>__TI_cinit_table</name>
         <load_address>0xbe50</load_address>
         <run_address>0xbe50</run_address>
         <size>0x18</size>
      </object_component>
      <object_component id="oc-249">
         <name>.vtable</name>
         <uninitialized>true</uninitialized>
         <run_address>0x20000000</run_address>
         <size>0x26c</size>
         <input_file_ref idref="fl-21"/>
      </object_component>
      <object_component id="oc-289">
         <name>.data</name>
         <load_address>0x2000cbc0</load_address>
         <run_address>0x2000cbc0</run_address>
         <size>0xc</size>
         <input_file_ref idref="fl-3"/>
      </object_component>
      <object_component id="oc-7c">
         <name>.data</name>
         <load_address>0x2000cb7c</load_address>
         <run_address>0x2000cb7c</run_address>
         <size>0x34</size>
         <input_file_ref idref="fl-a"/>
      </object_component>
      <object_component id="oc-218">
         <name>.data</name>
         <load_address>0x2000cbcc</load_address>
         <run_address>0x2000cbcc</run_address>
         <size>0xc</size>
         <input_file_ref idref="fl-b"/>
      </object_component>
      <object_component id="oc-89">
         <name>.data</name>
         <load_address>0x2000cbe4</load_address>
         <run_address>0x2000cbe4</run_address>
         <size>0x4</size>
         <input_file_ref idref="fl-c"/>
      </object_component>
      <object_component id="oc-1fa">
         <name>.data</name>
         <load_address>0x2000cbd8</load_address>
         <run_address>0x2000cbd8</run_address>
         <size>0x8</size>
         <input_file_ref idref="fl-e"/>
      </object_component>
      <object_component id="oc-ad">
         <name>.data</name>
         <load_address>0x2000cbe0</load_address>
         <run_address>0x2000cbe0</run_address>
         <size>0x4</size>
         <input_file_ref idref="fl-f"/>
      </object_component>
      <object_component id="oc-333">
         <name>.data</name>
         <load_address>0x2000cbb0</load_address>
         <run_address>0x2000cbb0</run_address>
         <size>0xd</size>
         <input_file_ref idref="fl-33"/>
      </object_component>
      <object_component id="oc-35c">
         <name>.data:g__SlNonOsCB</name>
         <load_address>0x2000cb40</load_address>
         <run_address>0x2000cb40</run_address>
         <size>0x3c</size>
         <input_file_ref idref="fl-38"/>
      </object_component>
      <object_component id="oc-4b7">
         <name>.data</name>
         <load_address>0x2000cbe8</load_address>
         <run_address>0x2000cbe8</run_address>
         <size>0x4</size>
         <input_file_ref idref="fl-3d"/>
      </object_component>
      <object_component id="oc-111">
         <name>.bss:pxReadyTasksLists</name>
         <uninitialized>true</uninitialized>
         <run_address>0x2000c724</run_address>
         <size>0x64</size>
         <input_file_ref idref="fl-a"/>
      </object_component>
      <object_component id="oc-126">
         <name>.bss:xDelayedTaskList1</name>
         <uninitialized>true</uninitialized>
         <run_address>0x2000c7f0</run_address>
         <size>0x14</size>
         <input_file_ref idref="fl-a"/>
      </object_component>
      <object_component id="oc-129">
         <name>.bss:xDelayedTaskList2</name>
         <uninitialized>true</uninitialized>
         <run_address>0x2000c804</run_address>
         <size>0x14</size>
         <input_file_ref idref="fl-a"/>
      </object_component>
      <object_component id="oc-117">
         <name>.bss</name>
         <uninitialized>true</uninitialized>
         <run_address>0x2000c854</run_address>
         <size>0x8</size>
         <input_file_ref idref="fl-a"/>
      </object_component>
      <object_component id="oc-123">
         <name>.bss:xPendingReadyList</name>
         <uninitialized>true</uninitialized>
         <run_address>0x2000c818</run_address>
         <size>0x14</size>
         <input_file_ref idref="fl-a"/>
      </object_component>
      <object_component id="oc-114">
         <name>.bss:xTasksWaitingTermination</name>
         <uninitialized>true</uninitialized>
         <run_address>0x2000c840</run_address>
         <size>0x14</size>
         <input_file_ref idref="fl-a"/>
      </object_component>
      <object_component id="oc-11a">
         <name>.bss:xSuspendedTaskList</name>
         <uninitialized>true</uninitialized>
         <run_address>0x2000c82c</run_address>
         <size>0x14</size>
         <input_file_ref idref="fl-a"/>
      </object_component>
      <object_component id="oc-21e">
         <name>.bss:xActiveTimerList1</name>
         <uninitialized>true</uninitialized>
         <run_address>0x2000c7c8</run_address>
         <size>0x14</size>
         <input_file_ref idref="fl-b"/>
      </object_component>
      <object_component id="oc-221">
         <name>.bss:xActiveTimerList2</name>
         <uninitialized>true</uninitialized>
         <run_address>0x2000c7dc</run_address>
         <size>0x14</size>
         <input_file_ref idref="fl-b"/>
      </object_component>
      <object_component id="oc-21b">
         <name>.bss</name>
         <uninitialized>true</uninitialized>
         <run_address>0x2000c85c</run_address>
         <size>0x8</size>
         <input_file_ref idref="fl-b"/>
      </object_component>
      <object_component id="oc-203">
         <name>.bss:ucHeap</name>
         <uninitialized>true</uninitialized>
         <run_address>0x2000026c</run_address>
         <size>0xc350</size>
         <input_file_ref idref="fl-e"/>
      </object_component>
      <object_component id="oc-1fd">
         <name>.bss:xStart</name>
         <uninitialized>true</uninitialized>
         <run_address>0x2000c86c</run_address>
         <size>0x8</size>
         <input_file_ref idref="fl-e"/>
      </object_component>
      <object_component id="oc-200">
         <name>.bss:xEnd</name>
         <uninitialized>true</uninitialized>
         <run_address>0x2000c864</run_address>
         <size>0x8</size>
         <input_file_ref idref="fl-e"/>
      </object_component>
      <object_component id="oc-40b">
         <name>.bss:g_StatMem</name>
         <uninitialized>true</uninitialized>
         <run_address>0x2000c5bc</run_address>
         <size>0x168</size>
         <input_file_ref idref="fl-33"/>
      </object_component>
      <object_component id="oc-2f9">
         <name>.common:xQueueRegistry</name>
         <uninitialized>true</uninitialized>
         <run_address>0x2000c788</run_address>
         <size>0x40</size>
      </object_component>
      <object_component id="oc-b0">
         <name>.common:IntIsMasked</name>
         <uninitialized>true</uninitialized>
         <run_address>0x2000c87c</run_address>
         <size>0x1</size>
      </object_component>
      <object_component id="oc-aa">
         <name>.common:g_SysClock</name>
         <uninitialized>true</uninitialized>
         <run_address>0x2000c874</run_address>
         <size>0x4</size>
      </object_component>
      <object_component id="oc-284">
         <name>.common:g_ucUARTBuffer</name>
         <uninitialized>true</uninitialized>
         <run_address>0x2000c878</run_address>
         <size>0x4</size>
      </object_component>
      <object_component id="oc-40e">
         <name>.common:RxIrqCnt</name>
         <uninitialized>true</uninitialized>
         <run_address>0x2000c87d</run_address>
         <size>0x1</size>
      </object_component>
      <object_component id="oc-336">
         <name>.common:g_bDeviceRestartIsRequired</name>
         <uninitialized>true</uninitialized>
         <run_address>0x2000c87e</run_address>
         <size>0x1</size>
      </object_component>
      <object_component id="oc-21">
         <name>.stack</name>
         <uninitialized>true</uninitialized>
         <run_address>0x2000c880</run_address>
         <size>0x4</size>
         <input_file_ref idref="fl-ff"/>
      </object_component>
      <object_component id="oc-54f">
         <name>.stack</name>
         <uninitialized>true</uninitialized>
         <run_address>0x2000c880</run_address>
         <size>0x0</size>
      </object_component>
      <object_component id="oc-180">
         <name>.debug_info</name>
         <load_address>0x0</load_address>
         <run_address>0x0</run_address>
         <size>0x2c5</size>
         <input_file_ref idref="fl-2"/>
      </object_component>
      <object_component id="oc-19f">
         <name>.debug_info</name>
         <load_address>0x2c5</load_address>
         <run_address>0x2c5</run_address>
         <size>0x1de</size>
         <input_file_ref idref="fl-2"/>
      </object_component>
      <object_component id="oc-be">
         <name>.debug_info</name>
         <load_address>0x4a3</load_address>
         <run_address>0x4a3</run_address>
         <size>0x26b</size>
         <input_file_ref idref="fl-2"/>
      </object_component>
      <object_component id="oc-44">
         <name>.debug_info</name>
         <load_address>0x70e</load_address>
         <run_address>0x70e</run_address>
         <size>0x84</size>
         <input_file_ref idref="fl-2"/>
      </object_component>
      <object_component id="oc-17b">
         <name>.debug_info</name>
         <load_address>0x792</load_address>
         <run_address>0x792</run_address>
         <size>0x297</size>
         <input_file_ref idref="fl-2"/>
      </object_component>
      <object_component id="oc-152">
         <name>.debug_info</name>
         <load_address>0xa29</load_address>
         <run_address>0xa29</run_address>
         <size>0xef</size>
         <input_file_ref idref="fl-2"/>
      </object_component>
      <object_component id="oc-b9">
         <name>.debug_info</name>
         <load_address>0xb18</load_address>
         <run_address>0xb18</run_address>
         <size>0xbb</size>
         <input_file_ref idref="fl-2"/>
      </object_component>
      <object_component id="oc-136">
         <name>.debug_info</name>
         <load_address>0xbd3</load_address>
         <run_address>0xbd3</run_address>
         <size>0xaaf</size>
         <input_file_ref idref="fl-3"/>
      </object_component>
      <object_component id="oc-28a">
         <name>.debug_info</name>
         <load_address>0x1682</load_address>
         <run_address>0x1682</run_address>
         <size>0x157</size>
         <input_file_ref idref="fl-3"/>
      </object_component>
      <object_component id="oc-2ab">
         <name>.debug_info</name>
         <load_address>0x17d9</load_address>
         <run_address>0x17d9</run_address>
         <size>0xfb</size>
         <input_file_ref idref="fl-3"/>
      </object_component>
      <object_component id="oc-2ae">
         <name>.debug_info</name>
         <load_address>0x18d4</load_address>
         <run_address>0x18d4</run_address>
         <size>0xfb</size>
         <input_file_ref idref="fl-3"/>
      </object_component>
      <object_component id="oc-2b1">
         <name>.debug_info</name>
         <load_address>0x19cf</load_address>
         <run_address>0x19cf</run_address>
         <size>0xfb</size>
         <input_file_ref idref="fl-3"/>
      </object_component>
      <object_component id="oc-2b4">
         <name>.debug_info</name>
         <load_address>0x1aca</load_address>
         <run_address>0x1aca</run_address>
         <size>0xfb</size>
         <input_file_ref idref="fl-3"/>
      </object_component>
      <object_component id="oc-2b7">
         <name>.debug_info</name>
         <load_address>0x1bc5</load_address>
         <run_address>0x1bc5</run_address>
         <size>0xfb</size>
         <input_file_ref idref="fl-3"/>
      </object_component>
      <object_component id="oc-2ba">
         <name>.debug_info</name>
         <load_address>0x1cc0</load_address>
         <run_address>0x1cc0</run_address>
         <size>0xfb</size>
         <input_file_ref idref="fl-3"/>
      </object_component>
      <object_component id="oc-2bd">
         <name>.debug_info</name>
         <load_address>0x1dbb</load_address>
         <run_address>0x1dbb</run_address>
         <size>0xfb</size>
         <input_file_ref idref="fl-3"/>
      </object_component>
      <object_component id="oc-1a4">
         <name>.debug_info</name>
         <load_address>0x1eb6</load_address>
         <run_address>0x1eb6</run_address>
         <size>0x108c</size>
         <input_file_ref idref="fl-3"/>
      </object_component>
      <object_component id="oc-23d">
         <name>.debug_info</name>
         <load_address>0x2f42</load_address>
         <run_address>0x2f42</run_address>
         <size>0x46a</size>
         <input_file_ref idref="fl-3"/>
      </object_component>
      <object_component id="oc-fe">
         <name>.debug_info</name>
         <load_address>0x33ac</load_address>
         <run_address>0x33ac</run_address>
         <size>0x30c</size>
         <input_file_ref idref="fl-3"/>
      </object_component>
      <object_component id="oc-275">
         <name>.debug_info</name>
         <load_address>0x36b8</load_address>
         <run_address>0x36b8</run_address>
         <size>0x92</size>
         <input_file_ref idref="fl-3"/>
      </object_component>
      <object_component id="oc-238">
         <name>.debug_info</name>
         <load_address>0x374a</load_address>
         <run_address>0x374a</run_address>
         <size>0x87f</size>
         <input_file_ref idref="fl-3"/>
      </object_component>
      <object_component id="oc-16a">
         <name>.debug_info</name>
         <load_address>0x3fc9</load_address>
         <run_address>0x3fc9</run_address>
         <size>0x611</size>
         <input_file_ref idref="fl-3"/>
      </object_component>
      <object_component id="oc-233">
         <name>.debug_info</name>
         <load_address>0x45da</load_address>
         <run_address>0x45da</run_address>
         <size>0xa71</size>
         <input_file_ref idref="fl-3"/>
      </object_component>
      <object_component id="oc-2c0">
         <name>.debug_info</name>
         <load_address>0x504b</load_address>
         <run_address>0x504b</run_address>
         <size>0x24c</size>
         <input_file_ref idref="fl-3"/>
      </object_component>
      <object_component id="oc-16f">
         <name>.debug_info</name>
         <load_address>0x5297</load_address>
         <run_address>0x5297</run_address>
         <size>0xc4</size>
         <input_file_ref idref="fl-3"/>
      </object_component>
      <object_component id="oc-c3">
         <name>.debug_info</name>
         <load_address>0x535b</load_address>
         <run_address>0x535b</run_address>
         <size>0x3cd</size>
         <input_file_ref idref="fl-3"/>
      </object_component>
      <object_component id="oc-174">
         <name>.debug_info</name>
         <load_address>0x5728</load_address>
         <run_address>0x5728</run_address>
         <size>0x6c8</size>
         <input_file_ref idref="fl-3"/>
      </object_component>
      <object_component id="oc-2fd">
         <name>.debug_info</name>
         <load_address>0x5df0</load_address>
         <run_address>0x5df0</run_address>
         <size>0x46</size>
         <input_file_ref idref="fl-3"/>
      </object_component>
      <object_component id="oc-b2">
         <name>.debug_info</name>
         <load_address>0x5e36</load_address>
         <run_address>0x5e36</run_address>
         <size>0x2c</size>
         <input_file_ref idref="fl-3"/>
      </object_component>
      <object_component id="oc-8e">
         <name>.debug_info</name>
         <load_address>0x5e62</load_address>
         <run_address>0x5e62</run_address>
         <size>0x2c</size>
         <input_file_ref idref="fl-3"/>
      </object_component>
      <object_component id="oc-434">
         <name>.debug_info</name>
         <load_address>0x5e8e</load_address>
         <run_address>0x5e8e</run_address>
         <size>0x2c</size>
         <input_file_ref idref="fl-3"/>
      </object_component>
      <object_component id="oc-242">
         <name>.debug_info</name>
         <load_address>0x5eba</load_address>
         <run_address>0x5eba</run_address>
         <size>0x53</size>
         <input_file_ref idref="fl-3"/>
      </object_component>
      <object_component id="oc-93">
         <name>.debug_info</name>
         <load_address>0x5f0d</load_address>
         <run_address>0x5f0d</run_address>
         <size>0x53</size>
         <input_file_ref idref="fl-3"/>
      </object_component>
      <object_component id="oc-131">
         <name>.debug_info</name>
         <load_address>0x5f60</load_address>
         <run_address>0x5f60</run_address>
         <size>0x14c</size>
         <input_file_ref idref="fl-3"/>
      </object_component>
      <object_component id="oc-1aa">
         <name>.debug_info</name>
         <load_address>0x60ac</load_address>
         <run_address>0x60ac</run_address>
         <size>0x701</size>
         <input_file_ref idref="fl-4"/>
      </object_component>
      <object_component id="oc-ea">
         <name>.debug_info</name>
         <load_address>0x67ad</load_address>
         <run_address>0x67ad</run_address>
         <size>0x1f0</size>
         <input_file_ref idref="fl-4"/>
      </object_component>
      <object_component id="oc-157">
         <name>.debug_info</name>
         <load_address>0x699d</load_address>
         <run_address>0x699d</run_address>
         <size>0x8b</size>
         <input_file_ref idref="fl-4"/>
      </object_component>
      <object_component id="oc-3d">
         <name>.debug_info</name>
         <load_address>0x6a28</load_address>
         <run_address>0x6a28</run_address>
         <size>0x40c</size>
         <input_file_ref idref="fl-5"/>
      </object_component>
      <object_component id="oc-10">
         <name>.debug_info</name>
         <load_address>0x6e34</load_address>
         <run_address>0x6e34</run_address>
         <size>0x10d</size>
         <input_file_ref idref="fl-5"/>
      </object_component>
      <object_component id="oc-26">
         <name>.debug_info</name>
         <load_address>0x6f41</load_address>
         <run_address>0x6f41</run_address>
         <size>0x28e</size>
         <input_file_ref idref="fl-5"/>
      </object_component>
      <object_component id="oc-2e7">
         <name>.debug_info</name>
         <load_address>0x71cf</load_address>
         <run_address>0x71cf</run_address>
         <size>0x619</size>
         <input_file_ref idref="fl-7"/>
      </object_component>
      <object_component id="oc-1f5">
         <name>.debug_info</name>
         <load_address>0x77e8</load_address>
         <run_address>0x77e8</run_address>
         <size>0x110</size>
         <input_file_ref idref="fl-7"/>
      </object_component>
      <object_component id="oc-3f8">
         <name>.debug_info</name>
         <load_address>0x78f8</load_address>
         <run_address>0x78f8</run_address>
         <size>0x39</size>
         <input_file_ref idref="fl-7"/>
      </object_component>
      <object_component id="oc-1eb">
         <name>.debug_info</name>
         <load_address>0x7931</load_address>
         <run_address>0x7931</run_address>
         <size>0x46</size>
         <input_file_ref idref="fl-7"/>
      </object_component>
      <object_component id="oc-3fd">
         <name>.debug_info</name>
         <load_address>0x7977</load_address>
         <run_address>0x7977</run_address>
         <size>0x76</size>
         <input_file_ref idref="fl-7"/>
      </object_component>
      <object_component id="oc-209">
         <name>.debug_info</name>
         <load_address>0x79ed</load_address>
         <run_address>0x79ed</run_address>
         <size>0x369</size>
         <input_file_ref idref="fl-8"/>
      </object_component>
      <object_component id="oc-10d">
         <name>.debug_info</name>
         <load_address>0x7d56</load_address>
         <run_address>0x7d56</run_address>
         <size>0x4c8</size>
         <input_file_ref idref="fl-8"/>
      </object_component>
      <object_component id="oc-2fa">
         <name>.debug_info</name>
         <load_address>0x821e</load_address>
         <run_address>0x821e</run_address>
         <size>0x814</size>
         <input_file_ref idref="fl-9"/>
      </object_component>
      <object_component id="oc-213">
         <name>.debug_info</name>
         <load_address>0x8a32</load_address>
         <run_address>0x8a32</run_address>
         <size>0x2d61</size>
         <input_file_ref idref="fl-9"/>
      </object_component>
      <object_component id="oc-404">
         <name>.debug_info</name>
         <load_address>0xb793</load_address>
         <run_address>0xb793</run_address>
         <size>0x1cd</size>
         <input_file_ref idref="fl-9"/>
      </object_component>
      <object_component id="oc-fd">
         <name>.debug_info</name>
         <load_address>0xb960</load_address>
         <run_address>0xb960</run_address>
         <size>0x775</size>
         <input_file_ref idref="fl-a"/>
      </object_component>
      <object_component id="oc-7d">
         <name>.debug_info</name>
         <load_address>0xc0d5</load_address>
         <run_address>0xc0d5</run_address>
         <size>0x365</size>
         <input_file_ref idref="fl-a"/>
      </object_component>
      <object_component id="oc-112">
         <name>.debug_info</name>
         <load_address>0xc43a</load_address>
         <run_address>0xc43a</run_address>
         <size>0x10c</size>
         <input_file_ref idref="fl-a"/>
      </object_component>
      <object_component id="oc-127">
         <name>.debug_info</name>
         <load_address>0xc546</load_address>
         <run_address>0xc546</run_address>
         <size>0x10c</size>
         <input_file_ref idref="fl-a"/>
      </object_component>
      <object_component id="oc-12a">
         <name>.debug_info</name>
         <load_address>0xc652</load_address>
         <run_address>0xc652</run_address>
         <size>0x10c</size>
         <input_file_ref idref="fl-a"/>
      </object_component>
      <object_component id="oc-118">
         <name>.debug_info</name>
         <load_address>0xc75e</load_address>
         <run_address>0xc75e</run_address>
         <size>0x14f</size>
         <input_file_ref idref="fl-a"/>
      </object_component>
      <object_component id="oc-124">
         <name>.debug_info</name>
         <load_address>0xc8ad</load_address>
         <run_address>0xc8ad</run_address>
         <size>0x10c</size>
         <input_file_ref idref="fl-a"/>
      </object_component>
      <object_component id="oc-115">
         <name>.debug_info</name>
         <load_address>0xc9b9</load_address>
         <run_address>0xc9b9</run_address>
         <size>0x11a</size>
         <input_file_ref idref="fl-a"/>
      </object_component>
      <object_component id="oc-11b">
         <name>.debug_info</name>
         <load_address>0xcad3</load_address>
         <run_address>0xcad3</run_address>
         <size>0x10e</size>
         <input_file_ref idref="fl-a"/>
      </object_component>
      <object_component id="oc-84">
         <name>.debug_info</name>
         <load_address>0xcbe1</load_address>
         <run_address>0xcbe1</run_address>
         <size>0x4697</size>
         <input_file_ref idref="fl-a"/>
      </object_component>
      <object_component id="oc-1f0">
         <name>.debug_info</name>
         <load_address>0x11278</load_address>
         <run_address>0x11278</run_address>
         <size>0x146</size>
         <input_file_ref idref="fl-a"/>
      </object_component>
      <object_component id="oc-225">
         <name>.debug_info</name>
         <load_address>0x113be</load_address>
         <run_address>0x113be</run_address>
         <size>0x849</size>
         <input_file_ref idref="fl-b"/>
      </object_component>
      <object_component id="oc-21f">
         <name>.debug_info</name>
         <load_address>0x11c07</load_address>
         <run_address>0x11c07</run_address>
         <size>0x10c</size>
         <input_file_ref idref="fl-b"/>
      </object_component>
      <object_component id="oc-222">
         <name>.debug_info</name>
         <load_address>0x11d13</load_address>
         <run_address>0x11d13</run_address>
         <size>0x10c</size>
         <input_file_ref idref="fl-b"/>
      </object_component>
      <object_component id="oc-21c">
         <name>.debug_info</name>
         <load_address>0x11e1f</load_address>
         <run_address>0x11e1f</run_address>
         <size>0x144</size>
         <input_file_ref idref="fl-b"/>
      </object_component>
      <object_component id="oc-219">
         <name>.debug_info</name>
         <load_address>0x11f63</load_address>
         <run_address>0x11f63</run_address>
         <size>0x130</size>
         <input_file_ref idref="fl-b"/>
      </object_component>
      <object_component id="oc-11f">
         <name>.debug_info</name>
         <load_address>0x12093</load_address>
         <run_address>0x12093</run_address>
         <size>0x1b0b</size>
         <input_file_ref idref="fl-b"/>
      </object_component>
      <object_component id="oc-226">
         <name>.debug_info</name>
         <load_address>0x13b9e</load_address>
         <run_address>0x13b9e</run_address>
         <size>0x1ce</size>
         <input_file_ref idref="fl-b"/>
      </object_component>
      <object_component id="oc-8d">
         <name>.debug_info</name>
         <load_address>0x13d6c</load_address>
         <run_address>0x13d6c</run_address>
         <size>0x3fe</size>
         <input_file_ref idref="fl-c"/>
      </object_component>
      <object_component id="oc-80">
         <name>.debug_info</name>
         <load_address>0x1416a</load_address>
         <run_address>0x1416a</run_address>
         <size>0x139</size>
         <input_file_ref idref="fl-c"/>
      </object_component>
      <object_component id="oc-8a">
         <name>.debug_info</name>
         <load_address>0x142a3</load_address>
         <run_address>0x142a3</run_address>
         <size>0x120</size>
         <input_file_ref idref="fl-c"/>
      </object_component>
      <object_component id="oc-31">
         <name>.debug_info</name>
         <load_address>0x143c3</load_address>
         <run_address>0x143c3</run_address>
         <size>0x6d3</size>
         <input_file_ref idref="fl-c"/>
      </object_component>
      <object_component id="oc-2b">
         <name>.debug_info</name>
         <load_address>0x14a96</load_address>
         <run_address>0x14a96</run_address>
         <size>0x271</size>
         <input_file_ref idref="fl-d"/>
      </object_component>
      <object_component id="oc-207">
         <name>.debug_info</name>
         <load_address>0x14d07</load_address>
         <run_address>0x14d07</run_address>
         <size>0x40d</size>
         <input_file_ref idref="fl-e"/>
      </object_component>
      <object_component id="oc-204">
         <name>.debug_info</name>
         <load_address>0x15114</load_address>
         <run_address>0x15114</run_address>
         <size>0x107</size>
         <input_file_ref idref="fl-e"/>
      </object_component>
      <object_component id="oc-1fe">
         <name>.debug_info</name>
         <load_address>0x1521b</load_address>
         <run_address>0x1521b</run_address>
         <size>0x107</size>
         <input_file_ref idref="fl-e"/>
      </object_component>
      <object_component id="oc-201">
         <name>.debug_info</name>
         <load_address>0x15322</load_address>
         <run_address>0x15322</run_address>
         <size>0x103</size>
         <input_file_ref idref="fl-e"/>
      </object_component>
      <object_component id="oc-1fb">
         <name>.debug_info</name>
         <load_address>0x15425</load_address>
         <run_address>0x15425</run_address>
         <size>0x121</size>
         <input_file_ref idref="fl-e"/>
      </object_component>
      <object_component id="oc-106">
         <name>.debug_info</name>
         <load_address>0x15546</load_address>
         <run_address>0x15546</run_address>
         <size>0x68a</size>
         <input_file_ref idref="fl-e"/>
      </object_component>
      <object_component id="oc-2ec">
         <name>.debug_info</name>
         <load_address>0x15bd0</load_address>
         <run_address>0x15bd0</run_address>
         <size>0x62</size>
         <input_file_ref idref="fl-e"/>
      </object_component>
      <object_component id="oc-ab">
         <name>.debug_info</name>
         <load_address>0x15c32</load_address>
         <run_address>0x15c32</run_address>
         <size>0x6bb</size>
         <input_file_ref idref="fl-f"/>
      </object_component>
      <object_component id="oc-ae">
         <name>.debug_info</name>
         <load_address>0x162ed</load_address>
         <run_address>0x162ed</run_address>
         <size>0x143</size>
         <input_file_ref idref="fl-f"/>
      </object_component>
      <object_component id="oc-37">
         <name>.debug_info</name>
         <load_address>0x16430</load_address>
         <run_address>0x16430</run_address>
         <size>0xb8f</size>
         <input_file_ref idref="fl-f"/>
      </object_component>
      <object_component id="oc-188">
         <name>.debug_info</name>
         <load_address>0x16fbf</load_address>
         <run_address>0x16fbf</run_address>
         <size>0x2c</size>
         <input_file_ref idref="fl-f"/>
      </object_component>
      <object_component id="oc-285">
         <name>.debug_info</name>
         <load_address>0x16feb</load_address>
         <run_address>0x16feb</run_address>
         <size>0x385</size>
         <input_file_ref idref="fl-10"/>
      </object_component>
      <object_component id="oc-198">
         <name>.debug_info</name>
         <load_address>0x17370</load_address>
         <run_address>0x17370</run_address>
         <size>0x4af</size>
         <input_file_ref idref="fl-10"/>
      </object_component>
      <object_component id="oc-142">
         <name>.debug_info</name>
         <load_address>0x1781f</load_address>
         <run_address>0x1781f</run_address>
         <size>0x359</size>
         <input_file_ref idref="fl-15"/>
      </object_component>
      <object_component id="oc-9a">
         <name>.debug_info</name>
         <load_address>0x17b78</load_address>
         <run_address>0x17b78</run_address>
         <size>0x549</size>
         <input_file_ref idref="fl-1d"/>
      </object_component>
      <object_component id="oc-167">
         <name>.debug_info</name>
         <load_address>0x180c1</load_address>
         <run_address>0x180c1</run_address>
         <size>0x36d</size>
         <input_file_ref idref="fl-1e"/>
      </object_component>
      <object_component id="oc-15e">
         <name>.debug_info</name>
         <load_address>0x1842e</load_address>
         <run_address>0x1842e</run_address>
         <size>0x11d</size>
         <input_file_ref idref="fl-1e"/>
      </object_component>
      <object_component id="oc-161">
         <name>.debug_info</name>
         <load_address>0x1854b</load_address>
         <run_address>0x1854b</run_address>
         <size>0x11f</size>
         <input_file_ref idref="fl-1e"/>
      </object_component>
      <object_component id="oc-164">
         <name>.debug_info</name>
         <load_address>0x1866a</load_address>
         <run_address>0x1866a</run_address>
         <size>0x111</size>
         <input_file_ref idref="fl-1e"/>
      </object_component>
      <object_component id="oc-a5">
         <name>.debug_info</name>
         <load_address>0x1877b</load_address>
         <run_address>0x1877b</run_address>
         <size>0x306f</size>
         <input_file_ref idref="fl-1e"/>
      </object_component>
      <object_component id="oc-25f">
         <name>.debug_info</name>
         <load_address>0x1b7ea</load_address>
         <run_address>0x1b7ea</run_address>
         <size>0x35a</size>
         <input_file_ref idref="fl-21"/>
      </object_component>
      <object_component id="oc-24d">
         <name>.debug_info</name>
         <load_address>0x1bb44</load_address>
         <run_address>0x1bb44</run_address>
         <size>0x10c</size>
         <input_file_ref idref="fl-21"/>
      </object_component>
      <object_component id="oc-250">
         <name>.debug_info</name>
         <load_address>0x1bc50</load_address>
         <run_address>0x1bc50</run_address>
         <size>0x104</size>
         <input_file_ref idref="fl-21"/>
      </object_component>
      <object_component id="oc-253">
         <name>.debug_info</name>
         <load_address>0x1bd54</load_address>
         <run_address>0x1bd54</run_address>
         <size>0x108</size>
[...]
         <name>_SlDrvObjLockWaitForever</name>
         <value>0x1d0b</value>
         <object_component_ref idref="oc-324"/>
      </symbol>
      <symbol id="sm-c6d">
         <name>_SlDrvMsgReadSpawnCtx</name>
         <value>0x1295</value>
         <object_component_ref idref="oc-324"/>
      </symbol>
      <symbol id="sm-c6e">
         <name>_SlDrvDispatchHttpServerEvents</name>
         <value>0x1cdb</value>
         <object_component_ref idref="oc-324"/>
      </symbol>
      <symbol id="sm-c6f">
         <name>_SlDriverHandleError</name>
         <value>0x1e6d</value>
         <object_component_ref idref="oc-324"/>
      </symbol>
      <symbol id="sm-c70">
         <name>_SlDrvDriverCBDeinit</name>
         <value>0x3ed</value>
         <object_component_ref idref="oc-324"/>
      </symbol>
      <symbol id="sm-c71">
         <name>_SlDrvStartMeasureTimeout</name>
         <value>0x1f0d</value>
         <object_component_ref idref="oc-324"/>
      </symbol>
      <symbol id="sm-c72">
         <name>_SlDrvResetCmdExt</name>
         <value>0x1df7</value>
         <object_component_ref idref="oc-324"/>
      </symbol>
      <symbol id="sm-c73">
         <name>_SlDrvIsTimeoutExpired</name>
         <value>0x1f2d</value>
         <object_component_ref idref="oc-324"/>
      </symbol>
      <symbol id="sm-c74">
         <name>_SlDrvProtectAsyncRespSetting</name>
         <value>0x209</value>
         <object_component_ref idref="oc-324"/>
      </symbol>
      <symbol id="sm-c75">
         <name>_SlDrvReleasePoolObj</name>
         <value>0x18e7</value>
         <object_component_ref idref="oc-324"/>
      </symbol>
      <symbol id="sm-c76">
         <name>OpcodeTranslateTable</name>
         <value>0xbae0</value>
         <object_component_ref idref="oc-412"/>
      </symbol>
      <symbol id="sm-c77">
         <name>pPingCallBackFunc</name>
         <value>0x2000cbb8</value>
         <object_component_ref idref="oc-333"/>
      </symbol>
      <symbol id="sm-c78">
         <name>_SlDrvDriverCBInit</name>
         <value>0x24f</value>
         <object_component_ref idref="oc-324"/>
      </symbol>
      <symbol id="sm-c79">
         <name>g_pCB</name>
         <value>0x2000cbb4</value>
         <object_component_ref idref="oc-333"/>
      </symbol>
      <symbol id="sm-c7a">
         <name>_SlDrvProtectionObjLockWaitForever</name>
         <value>0x1d31</value>
         <object_component_ref idref="oc-324"/>
      </symbol>
      <symbol id="sm-c7b">
         <name>_SlDrvCmdOp</name>
         <value>0x565</value>
         <object_component_ref idref="oc-324"/>
      </symbol>
      <symbol id="sm-c7c">
         <name>_SlDrvSyncObjWaitTimeout</name>
         <value>0x1e2d</value>
         <object_component_ref idref="oc-324"/>
      </symbol>
      <symbol id="sm-c7d">
         <name>_SlDrvGlobalObjUnLock</name>
         <value>0x1dbf</value>
         <object_component_ref idref="oc-324"/>
      </symbol>
      <symbol id="sm-c7e">
         <name>_SlDrvMemZero</name>
         <value>0x1de1</value>
         <object_component_ref idref="oc-324"/>
      </symbol>
      <symbol id="sm-c7f">
         <name>_SlDrvWaitForPoolObj</name>
         <value>0x1755</value>
         <object_component_ref idref="oc-324"/>
      </symbol>
      <symbol id="sm-c80">
         <name>_SlDrvSyncObjSignal</name>
         <value>0x1ceb</value>
         <object_component_ref idref="oc-324"/>
      </symbol>
      <symbol id="sm-c81">
         <name>_SlDrvDataReadOp</name>
         <value>0x621</value>
         <object_component_ref idref="oc-324"/>
      </symbol>
      <symbol id="sm-c82">
         <name>_SlDrvDataWriteOp</name>
         <value>0x801</value>
         <object_component_ref idref="oc-324"/>
      </symbol>
      <symbol id="sm-c83">
         <name>_SlDrvRxIrqHandler</name>
         <value>0x511</value>
         <object_component_ref idref="oc-324"/>
      </symbol>
      <symbol id="sm-c84">
         <name>_SlDrvSyncObjWaitForever</name>
         <value>0x1e09</value>
         <object_component_ref idref="oc-324"/>
      </symbol>
      <symbol id="sm-c85">
         <name>g_SlDeviceStatus</name>
         <value>0x2000cbb0</value>
         <object_component_ref idref="oc-333"/>
      </symbol>
      <symbol id="sm-c86">
         <name>_SlDrvCmdSend</name>
         <value>0x16d9</value>
         <object_component_ref idref="oc-324"/>
      </symbol>
      <symbol id="sm-c87">
         <name>_SlActionLookupTable</name>
         <value>0xbb1c</value>
         <object_component_ref idref="oc-41e"/>
      </symbol>
      <symbol id="sm-d86">
         <name>sl_NetAppMDNSUnRegisterService</name>
         <value>0x665d</value>
         <object_component_ref idref="oc-2a4"/>
      </symbol>
      <symbol id="sm-d87">
         <name>sl_NetAppGetServiceList</name>
         <value>0x6431</value>
         <object_component_ref idref="oc-2a4"/>
      </symbol>
      <symbol id="sm-d88">
         <name>sl_NetAppSet</name>
         <value>0x6ce3</value>
         <object_component_ref idref="oc-2a4"/>
      </symbol>
      <symbol id="sm-d89">
         <name>_SlNetAppSendTokenValueCmdCtrl</name>
         <value>0xbda8</value>
         <object_component_ref idref="oc-3ba"/>
      </symbol>
      <symbol id="sm-d8a">
         <name>sl_NetAppStop</name>
         <value>0x63e5</value>
         <object_component_ref idref="oc-2a4"/>
      </symbol>
      <symbol id="sm-d8b">
         <name>sl_NetAppDnsGetHostByName</name>
         <value>0x68a9</value>
         <object_component_ref idref="oc-2a4"/>
      </symbol>
      <symbol id="sm-d8c">
         <name>_sl_HandleAsync_DnsGetHostByName</name>
         <value>0x69e5</value>
         <object_component_ref idref="oc-2a4"/>
      </symbol>
      <symbol id="sm-d8d">
         <name>_sl_HandleAsync_PingResponse</name>
         <value>0x6ab9</value>
         <object_component_ref idref="oc-2a4"/>
      </symbol>
      <symbol id="sm-d8e">
         <name>sl_NetAppDnsGetHostByService</name>
         <value>0x66c9</value>
         <object_component_ref idref="oc-2a4"/>
      </symbol>
      <symbol id="sm-d8f">
         <name>sl_NetAppPingStart</name>
         <value>0x6b45</value>
         <object_component_ref idref="oc-2a4"/>
      </symbol>
      <symbol id="sm-d90">
         <name>_SlDrvNetAppEventHandler</name>
         <value>0x6e95</value>
         <object_component_ref idref="oc-2a4"/>
      </symbol>
      <symbol id="sm-d91">
         <name>_sl_HandleAsync_DnsGetHostByService</name>
         <value>0x67d1</value>
         <object_component_ref idref="oc-2a4"/>
      </symbol>
      <symbol id="sm-d92">
         <name>sl_NetAppStart</name>
         <value>0x6399</value>
         <object_component_ref idref="oc-2a4"/>
      </symbol>
      <symbol id="sm-d93">
         <name>sl_NetAppMDNSRegisterService</name>
         <value>0x65f9</value>
         <object_component_ref idref="oc-2a4"/>
      </symbol>
      <symbol id="sm-d94">
         <name>_sl_NetAppSendTokenValue</name>
         <value>0x6d75</value>
         <object_component_ref idref="oc-2a4"/>
      </symbol>
      <symbol id="sm-d95">
         <name>sl_NetAppGet</name>
         <value>0x6de1</value>
         <object_component_ref idref="oc-2a4"/>
      </symbol>
      <symbol id="sm-d96">
         <name>sl_NetAppMDNSRegisterUnregisterService</name>
         <value>0x6523</value>
         <object_component_ref idref="oc-2a4"/>
      </symbol>
      <symbol id="sm-d97">
         <name>_sl_HandleAsync_DnsGetHostByAddr</name>
         <value>0x6897</value>
         <object_component_ref idref="oc-2a4"/>
      </symbol>
      <symbol id="sm-dcd">
         <name>sl_NetCfgGet</name>
         <value>0xab93</value>
         <object_component_ref idref="oc-29e"/>
      </symbol>
      <symbol id="sm-dce">
         <name>sl_NetCfgSet</name>
         <value>0xab09</value>
         <object_component_ref idref="oc-29e"/>
      </symbol>
      <symbol id="sm-dfe">
         <name>_SlNonOsSemSet</name>
         <value>0xa96d</value>
         <object_component_ref idref="oc-292"/>
      </symbol>
      <symbol id="sm-dff">
         <name>_SlNonOsSpawn</name>
         <value>0xaa2d</value>
         <object_component_ref idref="oc-292"/>
      </symbol>
      <symbol id="sm-e00">
         <name>_SlNonOsSemGet</name>
         <value>0xa985</value>
         <object_component_ref idref="oc-292"/>
      </symbol>
      <symbol id="sm-e01">
         <name>_SlNonOsMainLoopTask</name>
         <value>0xaa8d</value>
         <object_component_ref idref="oc-292"/>
      </symbol>
      <symbol id="sm-e02">
         <name>g__SlNonOsCB</name>
         <value>0x2000cb40</value>
         <object_component_ref idref="oc-35c"/>
      </symbol>
      <symbol id="sm-f52">
         <name>sl_Accept</name>
         <value>0x3fdd</value>
         <object_component_ref idref="oc-4a9"/>
      </symbol>
      <symbol id="sm-f53">
         <name>sl_Recv</name>
         <value>0x42bd</value>
         <object_component_ref idref="oc-4a9"/>
      </symbol>
      <symbol id="sm-f54">
         <name>SL_FD_ZERO</name>
         <value>0x4685</value>
         <object_component_ref idref="oc-4a9"/>
      </symbol>
      <symbol id="sm-f55">
         <name>SL_FD_SET</name>
         <value>0x4609</value>
         <object_component_ref idref="oc-4a9"/>
      </symbol>
      <symbol id="sm-f56">
         <name>sl_SendTo</name>
         <value>0x39cd</value>
         <object_component_ref idref="oc-4a9"/>
      </symbol>
      <symbol id="sm-f57">
         <name>sl_Send</name>
         <value>0x3e41</value>
         <object_component_ref idref="oc-4a9"/>
      </symbol>
      <symbol id="sm-f58">
         <name>_sl_HandleAsync_Connect</name>
         <value>0x3dc3</value>
         <object_component_ref idref="oc-4a9"/>
      </symbol>
      <symbol id="sm-f59">
         <name>sl_Htonl</name>
         <value>0x4183</value>
         <object_component_ref idref="oc-4a9"/>
      </symbol>
      <symbol id="sm-f5a">
         <name>sl_Htons</name>
         <value>0x41c9</value>
         <object_component_ref idref="oc-4a9"/>
      </symbol>
      <symbol id="sm-f5b">
         <name>sl_Connect</name>
         <value>0x3c4d</value>
         <object_component_ref idref="oc-4a9"/>
      </symbol>
      <symbol id="sm-f5c">
         <name>sl_Socket</name>
         <value>0x384f</value>
         <object_component_ref idref="oc-4a9"/>
      </symbol>
      <symbol id="sm-f5d">
         <name>sl_Select</name>
         <value>0x44a7</value>
         <object_component_ref idref="oc-4a9"/>
      </symbol>
      <symbol id="sm-f5e">
         <name>_sl_HandleAsync_Select</name>
         <value>0x4265</value>
         <object_component_ref idref="oc-4a9"/>
      </symbol>
      <symbol id="sm-f5f">
         <name>sl_RecvFrom</name>
         <value>0x3b0d</value>
         <object_component_ref idref="oc-4a9"/>
      </symbol>
      <symbol id="sm-f60">
         <name>SL_FD_CLR</name>
         <value>0x4631</value>
         <object_component_ref idref="oc-4a9"/>
      </symbol>
      <symbol id="sm-f61">
         <name>sl_Close</name>
         <value>0x38cd</value>
         <object_component_ref idref="oc-4a9"/>
      </symbol>
      <symbol id="sm-f62">
         <name>_sl_HandleAsync_Accept</name>
         <value>0x4205</value>
         <object_component_ref idref="oc-4a9"/>
      </symbol>
      <symbol id="sm-f63">
         <name>sl_GetSockOpt</name>
         <value>0x43ef</value>
         <object_component_ref idref="oc-4a9"/>
      </symbol>
      <symbol id="sm-f64">
         <name>sl_SetSockOpt</name>
         <value>0x4365</value>
         <object_component_ref idref="oc-4a9"/>
      </symbol>
      <symbol id="sm-f65">
         <name>_sl_ParseAddress</name>
         <value>0x37f5</value>
         <object_component_ref idref="oc-4a9"/>
      </symbol>
      <symbol id="sm-f66">
         <name>sl_Listen</name>
         <value>0x3f6d</value>
         <object_component_ref idref="oc-4a9"/>
      </symbol>
      <symbol id="sm-f67">
         <name>SL_FD_ISSET</name>
         <value>0x4659</value>
         <object_component_ref idref="oc-4a9"/>
      </symbol>
      <symbol id="sm-f68">
         <name>sl_Bind</name>
         <value>0x391f</value>
         <object_component_ref idref="oc-4a9"/>
      </symbol>
      <symbol id="sm-10b4">
         <name>sl_WlanSmartConfigStop</name>
         <value>0x60e1</value>
         <object_component_ref idref="oc-298"/>
      </symbol>
      <symbol id="sm-10b5">
         <name>sl_WlanProfileAdd</name>
         <value>0x59c9</value>
         <object_component_ref idref="oc-298"/>
      </symbol>
      <symbol id="sm-10b6">
         <name>sl_WlanDisconnect</name>
         <value>0x5811</value>
         <object_component_ref idref="oc-298"/>
      </symbol>
      <symbol id="sm-10b7">
         <name>sl_WlanRxFilterGet</name>
         <value>0x5f89</value>
         <object_component_ref idref="oc-298"/>
      </symbol>
      <symbol id="sm-10b8">
         <name>sl_WlanRxStatGet</name>
         <value>0x6081</value>
         <object_component_ref idref="oc-298"/>
      </symbol>
      <symbol id="sm-10b9">
         <name>sl_WlanPolicySet</name>
         <value>0x5845</value>
         <object_component_ref idref="oc-298"/>
      </symbol>
      <symbol id="sm-10ba">
         <name>sl_WlanRxStatStart</name>
         <value>0x601d</value>
         <object_component_ref idref="oc-298"/>
      </symbol>
      <symbol id="sm-10bb">
         <name>sl_WlanProfileGet</name>
         <value>0x5c7d</value>
         <object_component_ref idref="oc-298"/>
      </symbol>
      <symbol id="sm-10bc">
         <name>sl_WlanPolicyGet</name>
         <value>0x58d5</value>
         <object_component_ref idref="oc-298"/>
      </symbol>
      <symbol id="sm-10bd">
         <name>sl_WlanGet</name>
         <value>0x62c1</value>
         <object_component_ref idref="oc-298"/>
      </symbol>
      <symbol id="sm-10be">
         <name>sl_WlanRxStatStop</name>
         <value>0x604d</value>
         <object_component_ref idref="oc-298"/>
      </symbol>
      <symbol id="sm-10bf">
         <name>sl_WlanSmartConfigStart</name>
         <value>0x6115</value>
         <object_component_ref idref="oc-298"/>
      </symbol>
      <symbol id="sm-10c0">
         <name>sl_WlanRxFilterAdd</name>
         <value>0x5e6f</value>
         <object_component_ref idref="oc-298"/>
      </symbol>
      <symbol id="sm-10c1">
         <name>sl_WlanProfileDel</name>
         <value>0x5d87</value>
         <object_component_ref idref="oc-298"/>
      </symbol>
      <symbol id="sm-10c2">
         <name>sl_WlanRxFilterSet</name>
         <value>0x5f05</value>
         <object_component_ref idref="oc-298"/>
      </symbol>
      <symbol id="sm-10c3">
         <name>sl_WlanConnect</name>
         <value>0x55a1</value>
         <object_component_ref idref="oc-298"/>
      </symbol>
      <symbol id="sm-10c4">
         <name>sl_WlanSet</name>
         <value>0x6225</value>
         <object_component_ref idref="oc-298"/>
      </symbol>
      <symbol id="sm-10c5">
         <name>sl_WlanGetNetworkList</name>
         <value>0x5dd9</value>
         <object_component_ref idref="oc-298"/>
      </symbol>
      <symbol id="sm-10c6">
         <name>sl_WlanSetMode</name>
         <value>0x61cd</value>
         <object_component_ref idref="oc-298"/>
      </symbol>
      <symbol id="sm-10ec">
         <name>spi_Read</name>
         <value>0xa709</value>
         <object_component_ref idref="oc-32a"/>
      </symbol>
      <symbol id="sm-10ed">
         <name>spi_Close</name>
         <value>0xa595</value>
         <object_component_ref idref="oc-32a"/>
      </symbol>
      <symbol id="sm-10ee">
         <name>spi_Write</name>
         <value>0xa6a5</value>
         <object_component_ref idref="oc-32a"/>
      </symbol>
      <symbol id="sm-10ef">
         <name>spi_Open</name>
         <value>0xa5a1</value>
         <object_component_ref idref="oc-32a"/>
      </symbol>
      <symbol id="sm-110e">
         <name>timer_GetCurrentTimestamp</name>
         <value>0xb53d</value>
         <object_component_ref idref="oc-421"/>
      </symbol>
      <symbol id="sm-112b">
         <name>memcpy</name>
         <value>0xb289</value>
         <object_component_ref idref="oc-49"/>
      </symbol>
      <symbol id="sm-112c">
         <name>__aeabi_memcpy</name>
         <value>0xb289</value>
         <object_component_ref idref="oc-49"/>
      </symbol>
      <symbol id="sm-112d">
         <name>__aeabi_memcpy8</name>
         <value>0xb289</value>
         <object_component_ref idref="oc-49"/>
      </symbol>
      <symbol id="sm-112e">
         <name>__aeabi_memcpy4</name>
         <value>0xb289</value>
         <object_component_ref idref="oc-49"/>
      </symbol>
      <symbol id="sm-113d">
         <name>__aeabi_memset</name>
         <value>0xb3af</value>
         <object_component_ref idref="oc-dd"/>
      </symbol>
      <symbol id="sm-113e">
         <name>memset</name>
         <value>0xb3b5</value>
         <object_component_ref idref="oc-dd"/>
      </symbol>
      <symbol id="sm-113f">
         <name>__aeabi_memset8</name>
         <value>0xb3af</value>
         <object_component_ref idref="oc-dd"/>
      </symbol>
      <symbol id="sm-1140">
         <name>__aeabi_memset4</name>
         <value>0xb3af</value>
         <object_component_ref idref="oc-dd"/>
      </symbol>
      <symbol id="sm-1141">
         <name>__aeabi_memclr8</name>
         <value>0xb3ad</value>
         <object_component_ref idref="oc-dd"/>
      </symbol>
      <symbol id="sm-1142">
         <name>__aeabi_memclr4</name>
         <value>0xb3ad</value>
         <object_component_ref idref="oc-dd"/>
      </symbol>
      <symbol id="sm-1143">
         <name>__aeabi_memclr</name>
         <value>0xb3ad</value>
         <object_component_ref idref="oc-dd"/>
      </symbol>
      <symbol id="sm-1155">
         <name>__TI_zero_init</name>
         <value>0xb683</value>
         <object_component_ref idref="oc-5b"/>
      </symbol>
      <symbol id="sm-116c">
         <name>__TI_decompress_none</name>
         <value>0xb675</value>
         <object_component_ref idref="oc-18"/>
      </symbol>
      <symbol id="sm-118f">
         <name>__TI_decompress_lzss</name>
         <value>0xb499</value>
         <object_component_ref idref="oc-12"/>
      </symbol>
      <symbol id="sm-11a2">
         <name>__stack</name>
         <value>0x2000c880</value>
         <object_component_ref idref="oc-21"/>
      </symbol>
      <symbol id="sm-11a3">
         <name>_c_int00_noargs</name>
         <value>0xb629</value>
         <object_component_ref idref="oc-67"/>
      </symbol>
      <symbol id="sm-11ae">
         <name>C$$EXIT</name>
         <value>0xb6a5</value>
         <object_component_ref idref="oc-1ab"/>
      </symbol>
      <symbol id="sm-11af">
         <name>abort</name>
         <value>0xb6a5</value>
         <object_component_ref idref="oc-1ab"/>
      </symbol>
      <symbol id="sm-11bf">
         <name>strlen</name>
         <value>0xb661</value>
         <object_component_ref idref="oc-27e"/>
      </symbol>
      <symbol id="sm-11e8">
         <name>__TI_auto_init_nobinit_nopinit</name>
         <value>0xb5a5</value>
         <object_component_ref idref="oc-1b7"/>
      </symbol>
      <symbol id="sm-11f2">
         <name>_system_pre_init</name>
         <value>0xb6a1</value>
         <object_component_ref idref="oc-e3"/>
      </symbol>
      <symbol id="sm-11f4">
         <name>__TI_static_base__</name>
         <value>0x0</value>
      </symbol>
      <symbol id="sm-11f7">
         <name>__mpu_init</name>
         <value>0x0</value>
      </symbol>
      <symbol id="sm-11f8">
         <name>_system_post_cinit</name>
         <value>0x0</value>
      </symbol>
   </symbol_table>
   <title>Link successful</title>
</link_info>
